Release 14.7 - xst P.20131013 (nt64)
Copyright (c) 1995-2013 Xilinx, Inc.  All rights reserved.
--> Parameter TMPDIR set to xst/projnav.tmp


Total REAL time to Xst completion: 0.00 secs
Total CPU time to Xst completion: 0.08 secs
 
--> Parameter xsthdpdir set to xst


Total REAL time to Xst completion: 0.00 secs
Total CPU time to Xst completion: 0.08 secs
 
--> Reading design: rs232_serdes.prj

TABLE OF CONTENTS
  1) Synthesis Options Summary
  2) HDL Compilation
  3) Design Hierarchy Analysis
  4) HDL Analysis
  5) HDL Synthesis
     5.1) HDL Synthesis Report
  6) Advanced HDL Synthesis
     6.1) Advanced HDL Synthesis Report
  7) Low Level Synthesis
  8) Partition Report
  9) Final Report
	9.1) Device utilization summary
	9.2) Partition Resource Summary
	9.3) TIMING REPORT


=========================================================================
*                      Synthesis Options Summary                        *
=========================================================================
---- Source Parameters
Input File Name                    : "rs232_serdes.prj"
Input Format                       : mixed
Ignore Synthesis Constraint File   : NO

---- Target Parameters
Output File Name                   : "rs232_serdes"
Output Format                      : NGC
Target Device                      : xc5vlx110t-1-ff1136

---- Source Options
Top Module Name                    : rs232_serdes
Automatic FSM Extraction           : YES
FSM Encoding Algorithm             : Auto
Safe Implementation                : No
FSM Style                          : LUT
RAM Extraction                     : Yes
RAM Style                          : Auto
ROM Extraction                     : Yes
Mux Style                          : Auto
Decoder Extraction                 : YES
Priority Encoder Extraction        : Yes
Shift Register Extraction          : YES
Logical Shifter Extraction         : YES
XOR Collapsing                     : YES
ROM Style                          : Auto
Mux Extraction                     : Yes
Resource Sharing                   : YES
Asynchronous To Synchronous        : NO
Use DSP Block                      : Auto
Automatic Register Balancing       : No

---- Target Options
LUT Combining                      : Auto
Reduce Control Sets                : Auto
Add IO Buffers                     : YES
Global Maximum Fanout              : 100000
Add Generic Clock Buffer(BUFG)     : 32
Register Duplication               : YES
Slice Packing                      : YES
Optimize Instantiated Primitives   : NO
Use Clock Enable                   : Auto
Use Synchronous Set                : Auto
Use Synchronous Reset              : Auto
Pack IO Registers into IOBs        : Auto
Equivalent register Removal        : YES

---- General Options
Optimization Goal                  : Speed
Optimization Effort                : 1
Power Reduction                    : NO
Keep Hierarchy                     : No
Netlist Hierarchy                  : As_Optimized
RTL Output                         : Yes
Global Optimization                : AllClockNets
Read Cores                         : YES
Write Timing Constraints           : NO
Cross Clock Analysis               : NO
Hierarchy Separator                : /
Bus Delimiter                      : <>
Case Specifier                     : Maintain
Slice Utilization Ratio            : 100
BRAM Utilization Ratio             : 100
DSP48 Utilization Ratio            : 100
Verilog 2001                       : YES
Auto BRAM Packing                  : NO
Slice Utilization Ratio Delta      : 5

---- Other Options
Cores Search Directories           : {"ipcore_dir"  }

=========================================================================


=========================================================================
*                          HDL Compilation                              *
=========================================================================
Compiling verilog file "sync.v" in library work
Compiling verilog file "posedge_detector.v" in library work
Module <sync> compiled
Compiling verilog file "rs232_ser.v" in library work
Module <posedge_detector> compiled
Compiling verilog include file "fncs.h"
Compiling verilog file "rs232_des.v" in library work
Module <rs232_ser> compiled
Compiling verilog include file "fncs.h"
Compiling verilog file "ipcore_dir/fifo_16_8_dis.v" in library work
Module <rs232_des> compiled
Compiling verilog file "rs232_serdes.v" in library work
Module <fifo_16_8_dis> compiled
Module <rs232_serdes> compiled
No errors in compilation
Analysis of file <"rs232_serdes.prj"> succeeded.
 

=========================================================================
*                     Design Hierarchy Analysis                         *
=========================================================================
Analyzing hierarchy for module <rs232_serdes> in library <work>.

Analyzing hierarchy for module <rs232_des> in library <work> with parameters.
	NBITS_LATCH_CNT = "00000000000000000000000000001100"
	P_BAUD_RATE = "00000000000000000010010110000000"
	P_CLK_FREQ_HZ = "00000001111101111000101001000000"
	SHIFT_LATCH_CNT_MAX = "00000000000000000000110101101101"
	START_LATCH_CNT_MAX = "00000000000000000000011010110110"
	STOP_LATCH_CNT_MAX = "00000000000000000000110101101101"
	S_IDLE = "00"
	S_SHIFT = "10"
	S_START = "01"
	S_STOP = "11"

Analyzing hierarchy for module <rs232_ser> in library <work> with parameters.
	LAUNCH_CNT_MAX = "00000000000000000000110101101101"
	NBITS_LAUNCH_CNT = "00000000000000000000000000001100"
	P_BAUD_RATE = "00000000000000000010010110000000"
	P_CLK_FREQ_HZ = "00000001111101111000101001000000"
	S_IDLE = "00"
	S_SHIFT = "10"
	S_START = "01"
	S_STOP = "11"

Analyzing hierarchy for module <sync> in library <work> with parameters.
	NFF = "00000000000000000000000000000010"
	P_DEFVAL = "0"
	P_NFF = "00000000000000000000000000000010"

Analyzing hierarchy for module <posedge_detector> in library <work>.


=========================================================================
*                            HDL Analysis                               *
=========================================================================
Analyzing top module <rs232_serdes>.
WARNING:Xst:2211 - "ipcore_dir/fifo_16_8_dis.v" line 57: Instantiating black box module <fifo_16_8_dis>.
WARNING:Xst:2211 - "ipcore_dir/fifo_16_8_dis.v" line 92: Instantiating black box module <fifo_16_8_dis>.
Module <rs232_serdes> is correct for synthesis.
 
Analyzing module <rs232_des> in library <work>.
	NBITS_LATCH_CNT = 32'sb00000000000000000000000000001100
	P_BAUD_RATE = 32'sb00000000000000000010010110000000
	P_CLK_FREQ_HZ = 32'sb00000001111101111000101001000000
	SHIFT_LATCH_CNT_MAX = 32'sb00000000000000000000110101101101
	START_LATCH_CNT_MAX = 32'sb00000000000000000000011010110110
	STOP_LATCH_CNT_MAX = 32'sb00000000000000000000110101101101
	S_IDLE = 2'b00
	S_SHIFT = 2'b10
	S_START = 2'b01
	S_STOP = 2'b11
Module <rs232_des> is correct for synthesis.
 
Analyzing module <sync> in library <work>.
	NFF = 32'sb00000000000000000000000000000010
	P_DEFVAL = 1'b0
	P_NFF = 32'sb00000000000000000000000000000010
Module <sync> is correct for synthesis.
 
    Set property "shreg_extract = no" for signal <ff>.
Analyzing module <posedge_detector> in library <work>.
Module <posedge_detector> is correct for synthesis.
 
Analyzing module <rs232_ser> in library <work>.
	LAUNCH_CNT_MAX = 32'sb00000000000000000000110101101101
	NBITS_LAUNCH_CNT = 32'sb00000000000000000000000000001100
	P_BAUD_RATE = 32'sb00000000000000000010010110000000
	P_CLK_FREQ_HZ = 32'sb00000001111101111000101001000000
	S_IDLE = 2'b00
	S_SHIFT = 2'b10
	S_START = 2'b01
	S_STOP = 2'b11
Module <rs232_ser> is correct for synthesis.
 

=========================================================================
*                           HDL Synthesis                               *
=========================================================================

Performing bidirectional port resolution...

Synthesizing Unit <rs232_ser>.
    Related source file is "rs232_ser.v".
INFO:Xst:2117 - HDL ADVISOR - Mux Selector <fsm> of Case statement line 72 was re-encoded using one-hot encoding. The case statement will be optimized (default statement optimization), but this optimization may lead to design initialization problems. To ensure the design works safely, you can:
   	- add an 'INIT' attribute on signal <fsm> (optimization is then done without any risk)
   	- use the attribute 'signal_encoding user' to avoid onehot optimization
   	- use the attribute 'safe_implementation yes' to force XST to perform a safe (but less efficient) optimization
    Found finite state machine <FSM_0> for signal <fsm>.
    -----------------------------------------------------------------------
    | States             | 4                                              |
    | Transitions        | 9                                              |
    | Inputs             | 3                                              |
    | Outputs            | 4                                              |
    | Clock              | clk                       (rising_edge)        |
    | Reset              | rst_n                     (negative)           |
    | Reset type         | asynchronous                                   |
    | Reset State        | 00                                             |
    | Encoding           | automatic                                      |
    | Implementation     | LUT                                            |
    -----------------------------------------------------------------------
    Found 1-bit register for signal <tx_fifo_rd_en>.
    Found 12-bit register for signal <launch_cnt>.
    Found 12-bit adder for signal <launch_cnt$share0000> created at line 72.
    Found 3-bit register for signal <shift_cnt>.
    Found 3-bit adder for signal <shift_cnt$addsub0000> created at line 110.
    Found 8-bit register for signal <shift_reg>.
    Found 1-bit register for signal <tx_n>.
    Summary:
	inferred   1 Finite State Machine(s).
	inferred  25 D-type flip-flop(s).
	inferred   2 Adder/Subtractor(s).
Unit <rs232_ser> synthesized.


Synthesizing Unit <sync>.
    Related source file is "sync.v".
    Found 2-bit register for signal <ff>.
    Summary:
	inferred   2 D-type flip-flop(s).
Unit <sync> synthesized.


Synthesizing Unit <posedge_detector>.
    Related source file is "posedge_detector.v".
    Found 1-bit register for signal <ff>.
    Summary:
	inferred   1 D-type flip-flop(s).
Unit <posedge_detector> synthesized.


Synthesizing Unit <rs232_des>.
    Related source file is "rs232_des.v".
INFO:Xst:2117 - HDL ADVISOR - Mux Selector <fsm> of Case statement line 76 was re-encoded using one-hot encoding. The case statement will be optimized (default statement optimization), but this optimization may lead to design initialization problems. To ensure the design works safely, you can:
   	- add an 'INIT' attribute on signal <fsm> (optimization is then done without any risk)
   	- use the attribute 'signal_encoding user' to avoid onehot optimization
   	- use the attribute 'safe_implementation yes' to force XST to perform a safe (but less efficient) optimization
    Found finite state machine <FSM_1> for signal <fsm>.
    -----------------------------------------------------------------------
    | States             | 4                                              |
    | Transitions        | 9                                              |
    | Inputs             | 4                                              |
    | Outputs            | 5                                              |
    | Clock              | clk                       (rising_edge)        |
    | Reset              | rst_n                     (negative)           |
    | Reset type         | asynchronous                                   |
    | Reset State        | 00                                             |
    | Encoding           | automatic                                      |
    | Implementation     | LUT                                            |
    -----------------------------------------------------------------------
    Found 1-bit register for signal <rx_fifo_wr_en>.
    Found 8-bit register for signal <rx_fifo_data>.
    Found 12-bit register for signal <latch_cnt>.
    Found 12-bit adder for signal <latch_cnt$share0000> created at line 76.
    Found 3-bit register for signal <shift_cnt>.
    Found 3-bit adder for signal <shift_cnt$addsub0000> created at line 108.
    Summary:
	inferred   1 Finite State Machine(s).
	inferred  24 D-type flip-flop(s).
	inferred   2 Adder/Subtractor(s).
Unit <rs232_des> synthesized.


Synthesizing Unit <rs232_serdes>.
    Related source file is "rs232_serdes.v".
Unit <rs232_serdes> synthesized.

INFO:Xst:1767 - HDL ADVISOR - Resource sharing has identified that some arithmetic operations in this design can share the same physical resources for reduced device utilization. For improved clock frequency you may try to disable resource sharing.

=========================================================================
HDL Synthesis Report

Macro Statistics
# Adders/Subtractors                                   : 4
 12-bit adder                                          : 2
 3-bit adder                                           : 2
# Registers                                            : 11
 1-bit register                                        : 4
 12-bit register                                       : 2
 2-bit register                                        : 1
 3-bit register                                        : 2
 8-bit register                                        : 2

=========================================================================

=========================================================================
*                       Advanced HDL Synthesis                          *
=========================================================================

Analyzing FSM <FSM_1> for best encoding.
Optimizing FSM <RS232_DES0/fsm/FSM> on signal <fsm[1:2]> with gray encoding.
-------------------
 State | Encoding
-------------------
 00    | 00
 01    | 01
 10    | 11
 11    | 10
-------------------
Analyzing FSM <FSM_0> for best encoding.
Optimizing FSM <RS232_SER0/fsm/FSM> on signal <fsm[1:2]> with gray encoding.
-------------------
 State | Encoding
-------------------
 00    | 00
 01    | 01
 10    | 11
 11    | 10
-------------------
Reading core <ipcore_dir/fifo_16_8_dis.ngc>.
Loading core <fifo_16_8_dis> for timing and area information for instance <RX_FIFO_16_8>.
Loading core <fifo_16_8_dis> for timing and area information for instance <TX_FIFO_16_8>.

=========================================================================
Advanced HDL Synthesis Report

Macro Statistics
# FSMs                                                 : 2
# Adders/Subtractors                                   : 4
 12-bit adder                                          : 2
 3-bit adder                                           : 2
# Registers                                            : 52
 Flip-Flops                                            : 52

=========================================================================

=========================================================================
*                         Low Level Synthesis                           *
=========================================================================

Optimizing unit <rs232_serdes> ...

Optimizing unit <rs232_ser> ...

Optimizing unit <rs232_des> ...

Mapping all equations...
Building and optimizing final netlist ...
Found area constraint ratio of 100 (+ 5) on block rs232_serdes, actual ratio is 0.
INFO:Xst:2260 - The FF/Latch <U0/xst_fifo_generator/gconvfifo.rf/grf.rf/gntv_or_sync_fifo.gl0.wr/gwss.wsts/ram_full_fb_i> in Unit <RX_FIFO_16_8> is equivalent to the following FF/Latch : <U0/xst_fifo_generator/gconvfifo.rf/grf.rf/gntv_or_sync_fifo.gl0.wr/gwss.wsts/ram_full_i> 
INFO:Xst:2260 - The FF/Latch <U0/xst_fifo_generator/gconvfifo.rf/grf.rf/rstblk/rd_rst_reg_2> in Unit <RX_FIFO_16_8> is equivalent to the following FF/Latch : <U0/xst_fifo_generator/gconvfifo.rf/grf.rf/rstblk/rd_rst_reg_0> 
INFO:Xst:2260 - The FF/Latch <U0/xst_fifo_generator/gconvfifo.rf/grf.rf/gntv_or_sync_fifo.gl0.rd/grss.rsts/ram_empty_i> in Unit <RX_FIFO_16_8> is equivalent to the following FF/Latch : <U0/xst_fifo_generator/gconvfifo.rf/grf.rf/gntv_or_sync_fifo.gl0.rd/grss.rsts/ram_empty_fb_i> 
INFO:Xst:2260 - The FF/Latch <U0/xst_fifo_generator/gconvfifo.rf/grf.rf/gntv_or_sync_fifo.gl0.wr/gwss.wsts/ram_full_fb_i> in Unit <TX_FIFO_16_8> is equivalent to the following FF/Latch : <U0/xst_fifo_generator/gconvfifo.rf/grf.rf/gntv_or_sync_fifo.gl0.wr/gwss.wsts/ram_full_i> 
INFO:Xst:2260 - The FF/Latch <U0/xst_fifo_generator/gconvfifo.rf/grf.rf/rstblk/rd_rst_reg_2> in Unit <TX_FIFO_16_8> is equivalent to the following FF/Latch : <U0/xst_fifo_generator/gconvfifo.rf/grf.rf/rstblk/rd_rst_reg_0> 
INFO:Xst:2260 - The FF/Latch <U0/xst_fifo_generator/gconvfifo.rf/grf.rf/gntv_or_sync_fifo.gl0.rd/grss.rsts/ram_empty_i> in Unit <TX_FIFO_16_8> is equivalent to the following FF/Latch : <U0/xst_fifo_generator/gconvfifo.rf/grf.rf/gntv_or_sync_fifo.gl0.rd/grss.rsts/ram_empty_fb_i> 
INFO:Xst:2260 - The FF/Latch <U0/xst_fifo_generator/gconvfifo.rf/grf.rf/gntv_or_sync_fifo.gl0.wr/gwss.wsts/ram_full_fb_i> in Unit <RX_FIFO_16_8> is equivalent to the following FF/Latch : <U0/xst_fifo_generator/gconvfifo.rf/grf.rf/gntv_or_sync_fifo.gl0.wr/gwss.wsts/ram_full_i> 
INFO:Xst:2260 - The FF/Latch <U0/xst_fifo_generator/gconvfifo.rf/grf.rf/rstblk/rd_rst_reg_2> in Unit <RX_FIFO_16_8> is equivalent to the following FF/Latch : <U0/xst_fifo_generator/gconvfifo.rf/grf.rf/rstblk/rd_rst_reg_0> 
INFO:Xst:2260 - The FF/Latch <U0/xst_fifo_generator/gconvfifo.rf/grf.rf/gntv_or_sync_fifo.gl0.rd/grss.rsts/ram_empty_i> in Unit <RX_FIFO_16_8> is equivalent to the following FF/Latch : <U0/xst_fifo_generator/gconvfifo.rf/grf.rf/gntv_or_sync_fifo.gl0.rd/grss.rsts/ram_empty_fb_i> 
INFO:Xst:2260 - The FF/Latch <U0/xst_fifo_generator/gconvfifo.rf/grf.rf/gntv_or_sync_fifo.gl0.wr/gwss.wsts/ram_full_fb_i> in Unit <TX_FIFO_16_8> is equivalent to the following FF/Latch : <U0/xst_fifo_generator/gconvfifo.rf/grf.rf/gntv_or_sync_fifo.gl0.wr/gwss.wsts/ram_full_i> 
INFO:Xst:2260 - The FF/Latch <U0/xst_fifo_generator/gconvfifo.rf/grf.rf/rstblk/rd_rst_reg_2> in Unit <TX_FIFO_16_8> is equivalent to the following FF/Latch : <U0/xst_fifo_generator/gconvfifo.rf/grf.rf/rstblk/rd_rst_reg_0> 
INFO:Xst:2260 - The FF/Latch <U0/xst_fifo_generator/gconvfifo.rf/grf.rf/gntv_or_sync_fifo.gl0.rd/grss.rsts/ram_empty_i> in Unit <TX_FIFO_16_8> is equivalent to the following FF/Latch : <U0/xst_fifo_generator/gconvfifo.rf/grf.rf/gntv_or_sync_fifo.gl0.rd/grss.rsts/ram_empty_fb_i> 

Final Macro Processing ...

=========================================================================
Final Register Report

Macro Statistics
# Registers                                            : 56
 Flip-Flops                                            : 56

=========================================================================

=========================================================================
*                           Partition Report                            *
=========================================================================

Partition Implementation Status
-------------------------------

  No Partitions were found in this design.

-------------------------------

=========================================================================
*                            Final Report                               *
=========================================================================
Final Results
RTL Top Level Output File Name     : rs232_serdes.ngr
Top Level Output File Name         : rs232_serdes
Output Format                      : NGC
Optimization Goal                  : Speed
Keep Hierarchy                     : No

Design Statistics
# IOs                              : 32

Cell Usage :
# BELS                             : 186
#      GND                         : 3
#      INV                         : 9
#      LUT1                        : 22
#      LUT2                        : 21
#      LUT3                        : 17
#      LUT4                        : 23
#      LUT5                        : 24
#      LUT6                        : 20
#      MUXCY                       : 22
#      VCC                         : 1
#      XORCY                       : 24
# FlipFlops/Latches                : 138
#      FD                          : 8
#      FDC                         : 43
#      FDCE                        : 44
#      FDE                         : 15
#      FDP                         : 20
#      FDPE                        : 8
# RAMS                             : 6
#      RAM32M                      : 2
#      RAM32X1D                    : 4
# Clock Buffers                    : 1
#      BUFGP                       : 1
# IO Buffers                       : 31
#      IBUF                        : 12
#      OBUF                        : 19
=========================================================================

Device utilization summary:
---------------------------

Selected Device : 5vlx110tff1136-1 


Slice Logic Utilization: 
 Number of Slice Registers:             138  out of  69120     0%  
 Number of Slice LUTs:                  152  out of  69120     0%  
    Number used as Logic:               136  out of  69120     0%  
    Number used as Memory:               16  out of  17920     0%  
       Number used as RAM:               16

Slice Logic Distribution: 
 Number of LUT Flip Flop pairs used:    221
   Number with an unused Flip Flop:      83  out of    221    37%  
   Number with an unused LUT:            69  out of    221    31%  
   Number of fully used LUT-FF pairs:    69  out of    221    31%  
   Number of unique control sets:        24

IO Utilization: 
 Number of IOs:                          32
 Number of bonded IOBs:                  32  out of    640     5%  

Specific Feature Utilization:
 Number of BUFG/BUFGCTRLs:                1  out of     32     3%  

---------------------------
Partition Resource Summary:
---------------------------

  No Partitions were found in this design.

---------------------------


=========================================================================
TIMING REPORT

NOTE: THESE TIMING NUMBERS ARE ONLY A SYNTHESIS ESTIMATE.
      FOR ACCURATE TIMING INFORMATION PLEASE REFER TO THE TRACE REPORT
      GENERATED AFTER PLACE-and-ROUTE.

Clock Information:
------------------
-----------------------------------+------------------------+-------+
Clock Signal                       | Clock buffer(FF name)  | Load  |
-----------------------------------+------------------------+-------+
clk                                | BUFGP                  | 144   |
-----------------------------------+------------------------+-------+

Asynchronous Control Signals Information:
----------------------------------------
---------------------------------------------------------------------------------------------------------------------------------------------------------+---------------------------------------------------------------------------------------------------------------+-------+
Control Signal                                                                                                                                           | Buffer(FF name)                                                                                               | Load  |
---------------------------------------------------------------------------------------------------------------------------------------------------------+---------------------------------------------------------------------------------------------------------------+-------+
RS232_DES0/PEDGE0/rst_n_inv(RX_FIFO_16_8_not00001_INV_0:O)                                                                                               | NONE(RS232_DES0/PEDGE0/ff)                                                                                    | 53    |
RX_FIFO_16_8/U0/xst_fifo_generator/gconvfifo.rf/grf.rf/rstblk/rd_rst_reg<2>(RX_FIFO_16_8/U0/xst_fifo_generator/gconvfifo.rf/grf.rf/rstblk/rd_rst_reg_2:Q)| NONE(RX_FIFO_16_8/U0/xst_fifo_generator/gconvfifo.rf/grf.rf/gntv_or_sync_fifo.gl0.rd/grss.rsts/ram_empty_fb_i)| 10    |
TX_FIFO_16_8/U0/xst_fifo_generator/gconvfifo.rf/grf.rf/rstblk/rd_rst_reg<2>(TX_FIFO_16_8/U0/xst_fifo_generator/gconvfifo.rf/grf.rf/rstblk/rd_rst_reg_2:Q)| NONE(TX_FIFO_16_8/U0/xst_fifo_generator/gconvfifo.rf/grf.rf/gntv_or_sync_fifo.gl0.rd/grss.rsts/ram_empty_fb_i)| 10    |
RX_FIFO_16_8/U0/xst_fifo_generator/gconvfifo.rf/grf.rf/rstblk/rd_rst_reg<0>(RX_FIFO_16_8/U0/xst_fifo_generator/gconvfifo.rf/grf.rf/rstblk/rd_rst_reg_0:Q)| NONE(RX_FIFO_16_8/U0/xst_fifo_generator/gconvfifo.rf/grf.rf/gntv_or_sync_fifo.mem/gdm.dm/dout_i_0)            | 8     |
RX_FIFO_16_8/U0/xst_fifo_generator/gconvfifo.rf/grf.rf/rstblk/wr_rst_reg<1>(RX_FIFO_16_8/U0/xst_fifo_generator/gconvfifo.rf/grf.rf/rstblk/wr_rst_reg_1:Q)| NONE(RX_FIFO_16_8/U0/xst_fifo_generator/gconvfifo.rf/grf.rf/gntv_or_sync_fifo.gl0.wr/wpntr/count_0)           | 8     |
TX_FIFO_16_8/U0/xst_fifo_generator/gconvfifo.rf/grf.rf/rstblk/rd_rst_reg<0>(TX_FIFO_16_8/U0/xst_fifo_generator/gconvfifo.rf/grf.rf/rstblk/rd_rst_reg_0:Q)| NONE(TX_FIFO_16_8/U0/xst_fifo_generator/gconvfifo.rf/grf.rf/gntv_or_sync_fifo.mem/gdm.dm/dout_i_0)            | 8     |
TX_FIFO_16_8/U0/xst_fifo_generator/gconvfifo.rf/grf.rf/rstblk/wr_rst_reg<1>(TX_FIFO_16_8/U0/xst_fifo_generator/gconvfifo.rf/grf.rf/rstblk/wr_rst_reg_1:Q)| NONE(TX_FIFO_16_8/U0/xst_fifo_generator/gconvfifo.rf/grf.rf/gntv_or_sync_fifo.gl0.wr/wpntr/count_0)           | 8     |
RX_FIFO_16_8/U0/xst_fifo_generator/gconvfifo.rf/grf.rf/rstblk/rd_rst_comb(RX_FIFO_16_8/U0/xst_fifo_generator/gconvfifo.rf/grf.rf/rstblk/rd_rst_comb1:O)  | NONE(RX_FIFO_16_8/U0/xst_fifo_generator/gconvfifo.rf/grf.rf/rstblk/rd_rst_reg_0)                              | 2     |
RX_FIFO_16_8/U0/xst_fifo_generator/gconvfifo.rf/grf.rf/rstblk/rst_d2(RX_FIFO_16_8/U0/xst_fifo_generator/gconvfifo.rf/grf.rf/rstblk/rst_d2:Q)             | NONE(RX_FIFO_16_8/U0/xst_fifo_generator/gconvfifo.rf/grf.rf/gntv_or_sync_fifo.gl0.wr/gwss.wsts/ram_full_fb_i) | 2     |
TX_FIFO_16_8/U0/xst_fifo_generator/gconvfifo.rf/grf.rf/rstblk/rd_rst_comb(TX_FIFO_16_8/U0/xst_fifo_generator/gconvfifo.rf/grf.rf/rstblk/rd_rst_comb1:O)  | NONE(TX_FIFO_16_8/U0/xst_fifo_generator/gconvfifo.rf/grf.rf/rstblk/rd_rst_reg_0)                              | 2     |
TX_FIFO_16_8/U0/xst_fifo_generator/gconvfifo.rf/grf.rf/rstblk/rst_d2(TX_FIFO_16_8/U0/xst_fifo_generator/gconvfifo.rf/grf.rf/rstblk/rst_d2:Q)             | NONE(TX_FIFO_16_8/U0/xst_fifo_generator/gconvfifo.rf/grf.rf/gntv_or_sync_fifo.gl0.wr/gwss.wsts/ram_full_fb_i) | 2     |
RX_FIFO_16_8/U0/xst_fifo_generator/gconvfifo.rf/grf.rf/rstblk/wr_rst_comb(RX_FIFO_16_8/U0/xst_fifo_generator/gconvfifo.rf/grf.rf/rstblk/wr_rst_comb1:O)  | NONE(RX_FIFO_16_8/U0/xst_fifo_generator/gconvfifo.rf/grf.rf/rstblk/wr_rst_reg_1)                              | 1     |
TX_FIFO_16_8/U0/xst_fifo_generator/gconvfifo.rf/grf.rf/rstblk/wr_rst_comb(TX_FIFO_16_8/U0/xst_fifo_generator/gconvfifo.rf/grf.rf/rstblk/wr_rst_comb1:O)  | NONE(TX_FIFO_16_8/U0/xst_fifo_generator/gconvfifo.rf/grf.rf/rstblk/wr_rst_reg_1)                              | 1     |
---------------------------------------------------------------------------------------------------------------------------------------------------------+---------------------------------------------------------------------------------------------------------------+-------+

Timing Summary:
---------------
Speed Grade: -1

   Minimum period: 2.859ns (Maximum Frequency: 349.773MHz)
   Minimum input arrival time before clock: 2.648ns
   Maximum output required time after clock: 3.838ns
   Maximum combinational path delay: No path found

Timing Detail:
--------------
All values displayed in nanoseconds (ns)

=========================================================================
Timing constraint: Default period analysis for Clock 'clk'
  Clock period: 2.859ns (frequency: 349.773MHz)
  Total number of paths / destination ports: 1532 / 231
-------------------------------------------------------------------------
Delay:               2.859ns (Levels of Logic = 3)
  Source:            RS232_DES0/latch_cnt_6 (FF)
  Destination:       RS232_DES0/fsm_FSM_FFd1 (FF)
  Source Clock:      clk rising
  Destination Clock: clk rising

  Data Path: RS232_DES0/latch_cnt_6 to RS232_DES0/fsm_FSM_FFd1
                                Gate     Net
    Cell:in->out      fanout   Delay   Delay  Logical Name (Net Name)
    ----------------------------------------  ------------
     FDC:C->Q              3   0.471   0.984  RS232_DES0/latch_cnt_6 (RS232_DES0/latch_cnt_6)
     LUT5:I0->O            1   0.094   0.480  RS232_DES0/fsm_cmp_eq0000_SW0 (N6)
     LUT6:I5->O           13   0.094   0.642  RS232_DES0/fsm_cmp_eq0000 (RS232_DES0/fsm_cmp_eq0000)
     LUT4:I2->O            1   0.094   0.000  RS232_DES0/fsm_FSM_FFd1-In1 (RS232_DES0/fsm_FSM_FFd1-In)
     FDC:D                    -0.018          RS232_DES0/fsm_FSM_FFd1
    ----------------------------------------
    Total                      2.859ns (0.753ns logic, 2.106ns route)
                                       (26.3% logic, 73.7% route)

=========================================================================
Timing constraint: Default OFFSET IN BEFORE for Clock 'clk'
  Total number of paths / destination ports: 67 / 67
-------------------------------------------------------------------------
Offset:              2.648ns (Levels of Logic = 4)
  Source:            rx_fifo_rd_en_in (PAD)
  Destination:       RX_FIFO_16_8/U0/xst_fifo_generator/gconvfifo.rf/grf.rf/gntv_or_sync_fifo.gl0.wr/gwss.wsts/ram_full_fb_i (FF)
  Destination Clock: clk rising

  Data Path: rx_fifo_rd_en_in to RX_FIFO_16_8/U0/xst_fifo_generator/gconvfifo.rf/grf.rf/gntv_or_sync_fifo.gl0.wr/gwss.wsts/ram_full_fb_i
                                Gate     Net
    Cell:in->out      fanout   Delay   Delay  Logical Name (Net Name)
    ----------------------------------------  ------------
     IBUF:I->O             2   0.818   0.581  rx_fifo_rd_en_in_IBUF (rx_fifo_rd_en_in_IBUF)
     begin scope: 'RX_FIFO_16_8'
     LUT2:I0->O           17   0.094   1.061  U0/xst_fifo_generator/gconvfifo.rf/grf.rf/gntv_or_sync_fifo.mem/ram_rd_en_i1 (U0/xst_fifo_generator/gconvfifo.rf/grf.rf/gntv_or_sync_fifo.mem/ram_rd_en_i)
     LUT6:I1->O            2   0.094   0.000  U0/xst_fifo_generator/gconvfifo.rf/grf.rf/gntv_or_sync_fifo.gl0.wr/gwss.wsts/ram_full_comb110 (U0/xst_fifo_generator/gconvfifo.rf/grf.rf/gntv_or_sync_fifo.gl0.wr/gwss.wsts/ram_full_comb)
     FDP:D                    -0.018          U0/xst_fifo_generator/gconvfifo.rf/grf.rf/gntv_or_sync_fifo.gl0.wr/gwss.wsts/ram_full_i
    ----------------------------------------
    Total                      2.648ns (1.006ns logic, 1.642ns route)
                                       (38.0% logic, 62.0% route)

=========================================================================
Timing constraint: Default OFFSET OUT AFTER for Clock 'clk'
  Total number of paths / destination ports: 12 / 12
-------------------------------------------------------------------------
Offset:              3.838ns (Levels of Logic = 2)
  Source:            RS232_SER0/tx_n (FF)
  Destination:       tx (PAD)
  Source Clock:      clk rising

  Data Path: RS232_SER0/tx_n to tx
                                Gate     Net
    Cell:in->out      fanout   Delay   Delay  Logical Name (Net Name)
    ----------------------------------------  ------------
     FDC:C->Q              2   0.471   0.341  RS232_SER0/tx_n (RS232_SER0/tx_n)
     INV:I->O              1   0.238   0.336  RS232_SER0/tx1_INV_0 (tx_OBUF)
     OBUF:I->O                 2.452          tx_OBUF (tx)
    ----------------------------------------
    Total                      3.838ns (3.161ns logic, 0.677ns route)
                                       (82.4% logic, 17.6% route)

=========================================================================


Total REAL time to Xst completion: 6.00 secs
Total CPU time to Xst completion: 6.52 secs
 
--> 

Total memory usage is 363360 kilobytes

Number of errors   :    0 (   0 filtered)
Number of warnings :    3 (   0 filtered)
Number of infos    :   15 (   0 filtered)

