MO rs232_ser NULL rs232_ser.v vlg55/rs232__ser.bin 1428195905
MO posedge_detector NULL posedge_detector.v vlg78/posedge__detector.bin 1428195905
MO rs232_des NULL rs232_des.v vlg5F/rs232__des.bin 1428195905
MO sync NULL sync.v vlg01/sync.bin 1428195905
MO loopback_top NULL loopback_top.v vlg1D/loopback__top.bin 1428195905
